(ID "s")
(PUNCT "=")
(LIT "foo ")
(ID "OK")
(LIT " \'he is")
(ENDMARKER)
