(LIT "abc")
(ID "xxxx")
(LIT "efg")
(NEWLINE)
(LIT "\"")
(ERROR "unterminated string literal at EOF")
