(LIT "abc")
(ID "xxxx")
(LIT "efg")
(NEWLINE)
(LIT "")
(LIT "")
(LIT "")
(ENDMARKER)
