(KEYWORD def)
(ID "get")
(NEWLINE)
(INDENT)
(ID "gjfgj")
(NEWLINE)
(INDENT)
(ID "vhjghj")
(NEWLINE)
(INDENT)
(ID "ftgdfgdf")
(NEWLINE)
(DEDENT)
(DEDENT)
(DEDENT)
(ID "kljkljk")
(ENDMARKER)
