(ID "foo")
(ID "bar")
(ERROR "unknown char: '\'")
(NEWLINE)
(INDENT)
(ID "baz")
(DEDENT)
(ENDMARKER)
