(LIT 4)
(ID "s")
(PUNCT "=")
(LIT 1)
(NEWLINE)
(ENDMARKER)
