(PUNCT "{")
(ID "a")
(PUNCT "=")
(LIT "d")
(PUNCT "]")
(NEWLINE)
(INDENT)
(ID "b")
(PUNCT "=")
(LIT 6)
(DEDENT)
(ENDMARKER)
