(LIT "foo ")
(ID "OK")
(LIT " \'he is")
(NEWLINE)
(ENDMARKER)
