(ID "s")
(PUNCT "&")
(PUNCT "%")
(PUNCT "^")
(PUNCT "%")
(ENDMARKER)
