(KEYWORD if)
(PUNCT "(")
(ID "x")
(PUNCT "==")
(PUNCT "-")
(LIT 1)
(PUNCT ":")
(KEYWORD return)
(LIT +1.i)
(KEYWORD elif)
(ID "x")
(PUNCT "==")
(LIT .1e000)
(PUNCT ":")
(KEYWORD return)
(LIT 1)
(KEYWORD else)
(KEYWORD return)
(LIT 1)
(ENDMARKER)
