(KEYWORD False)
(NEWLINE)
(INDENT)
(KEYWORD False)
(NEWLINE)
(KEYWORD False)
(NEWLINE)
(DEDENT)
(KEYWORD False)
(NEWLINE)
(INDENT)
(DEDENT)
(ENDMARKER)
