(ID "x")
(PUNCT "=")
(PUNCT "(")
(ID "asdf")
(ID "asdf")
(ID "asdf")
(ID "asdf")
(ID "asdf")
(ERROR "unknown char: '\'")
(ENDMARKER)
