(ID "x")
(PUNCT "=")
(PUNCT "(")
(ID "asdf")
(ID "asdf")
(ENDMARKER)
