(KEYWORD if)
(ID "foo")
(PUNCT ":")
(NEWLINE)
(INDENT)
(ID "x")
(PUNCT "=")
(LIT 2)
(NEWLINE)
(DEDENT)
(ERROR "mis-indented program")
