(PUNCT "(")
(ID "d")
(PUNCT "=")
(LIT "1.4")
(PUNCT "+")
(LIT 8)
(PUNCT "}")
(NEWLINE)
(INDENT)
(ID "hello")
(ID "there")
(DEDENT)
(ENDMARKER)
