(ID "x")
(PUNCT "=")
(LIT 1)
(NEWLINE)
(ERROR "newline in string")
