(ID "foo")
(NEWLINE)
(INDENT)
(ID "baz")
(DEDENT)
(ENDMARKER)
