(PUNCT "(")
(ID "N")
(PUNCT "=")
(LIT 5)
(ERROR "newline in string")
