(ID "s")
(PUNCT "=")
(LIT "ab\r\ncd")
(NEWLINE)
(ENDMARKER)
