(KEYWORD if)
(PUNCT "(")
(ID "x")
(PUNCT "==")
(PUNCT "-")
(LIT 1)
(PUNCT ")")
(PUNCT ":")
(NEWLINE)
(INDENT)
(KEYWORD return)
(LIT +1.i)
(NEWLINE)
(DEDENT)
(ERROR "mis-indented program")
