(KEYWORD def)
(ID "wowhat")
(PUNCT "(")
(ID "i")
(PUNCT ",")
(ID "jh")
(PUNCT ",")
(ID "sk")
(ID "sdf")
(PUNCT ",")
(ID "wg")
(PUNCT ")")
(NEWLINE)
(ENDMARKER)
