(KEYWORD if)
(PUNCT "(")
(ID "n")
(PUNCT "==")
(LIT 5)
(PUNCT ")")
(NEWLINE)
(INDENT)
(ID "hello")
(NEWLINE)
(DEDENT)
(ERROR "mis-indented program")
