(ID "x")
(PUNCT "=")
(PUNCT "-")
(LIT +1i)
(ENDMARKER)
