(KEYWORD def)
(ID "perm")
(PUNCT "(")
(ID "l")
(PUNCT ")")
(PUNCT ":")
(NEWLINE)
(INDENT)
(KEYWORD if)
(ID "len")
(PUNCT "(")
(ID "l")
(PUNCT ")")
(PUNCT "<=")
(LIT 1)
(PUNCT ":")
(NEWLINE)
(INDENT)
(KEYWORD return)
(PUNCT "[")
(ID "l")
(PUNCT "]")
(NEWLINE)
(DEDENT)
(ID "r")
(PUNCT "=")
(PUNCT "[")
(PUNCT "]")
(NEWLINE)
(KEYWORD for)
(ID "i")
(KEYWORD in)
(ID "range")
(PUNCT "(")
(ID "len")
(PUNCT "(")
(ID "l")
(PUNCT ")")
(PUNCT ")")
(PUNCT ":")
(NEWLINE)
(INDENT)
(ID "s")
(PUNCT "=")
(ID "l")
(PUNCT "[")
(PUNCT ":")
(ID "i")
(PUNCT "]")
(PUNCT "+")
(ID "l")
(PUNCT "[")
(ID "i")
(PUNCT "+")
(LIT 1)
(PUNCT ":")
(PUNCT "]")
(NEWLINE)
(ID "p")
(PUNCT "=")
(ID "perm")
(PUNCT "(")
(ID "s")
(PUNCT ")")
(NEWLINE)
(KEYWORD for)
(ID "x")
(KEYWORD in)
(ID "p")
(PUNCT ":")
(NEWLINE)
(INDENT)
(ID "r")
(PUNCT ".")
(ID "append")
(PUNCT "(")
(ID "l")
(PUNCT "[")
(ID "i")
(PUNCT ":")
(ID "i")
(PUNCT "+")
(LIT 1)
(PUNCT "]")
(PUNCT "+")
(ID "x")
(PUNCT ")")
(NEWLINE)
(DEDENT)
(DEDENT)
(KEYWORD return)
(ID "r")
(DEDENT)
(ENDMARKER)
