(LIT 1.)
(PUNCT ".")
(PUNCT ".")
(PUNCT ".")
(PUNCT ".")
(PUNCT ".")
(PUNCT ".")
(PUNCT ".")
(PUNCT ".")
(PUNCT ".")
(PUNCT ".")
(PUNCT ".")
(PUNCT ".")
(PUNCT ".")
(PUNCT ".")
(PUNCT ".")
(PUNCT ".")
(PUNCT ".")
(PUNCT ".")
(PUNCT ".")
(PUNCT ".")
(PUNCT ".")
(PUNCT ".")
(PUNCT ".")
(ENDMARKER)
