(PUNCT "~")
(ID "s3")
(PUNCT "=")
(LIT 1)
(NEWLINE)
(ENDMARKER)
