(ID "a")
(PUNCT ".")
(ID "f")
(NEWLINE)
(ID "b")
(PUNCT ".")
(ID "fg")
(PUNCT "(")
(PUNCT ")")
(NEWLINE)
(ID "s")
(PUNCT "=")
(LIT 1)
(PUNCT "+")
(LIT +2.i)
(NEWLINE)
(ENDMARKER)
