(PUNCT "(")
(PUNCT "(")
(PUNCT "(")
(PUNCT "(")
(ENDMARKER)
