(PUNCT "(")
(KEYWORD if)
(ID "string")
(PUNCT "==")
(LIT "can I dothis?")
(ENDMARKER)
