(ID "s")
(PUNCT "=")
(LIT "This is the #comment string")
(NEWLINE)
(ENDMARKER)
