(LIT "this is an \"interesting\" case")
(ENDMARKER)
