(ID "x")
(PUNCT "=")
(ERROR "unterminated string literal at EOF")
