(ID "a")
(PUNCT "=")
(ERROR "unknown char: '\'")
(NEWLINE)
(INDENT)
(ID "b")
(DEDENT)
(ENDMARKER)
