(ID "x")
(ERROR "unknown char: '\'")
(PUNCT "+")
(LIT 1)
(ENDMARKER)
