(ID "x")
(PUNCT "=")
(PUNCT ".")
(ID "j")
(ENDMARKER)
