(ID "s")
(PUNCT "=")
(LIT " ")
(ID "ok")
(ERROR "unterminated string literal at EOF")
