(PUNCT "(")
(ID "N")
(PUNCT "=")
(LIT 5)
(PUNCT "]")
(NEWLINE)
(ENDMARKER)
