(ID "r")
(PUNCT "=")
(LIT 4)
(NEWLINE)
(ID "r")
(PUNCT "*")
(PUNCT "=")
(LIT 5)
(ENDMARKER)
