(KEYWORD if)
(ID "x")
(PUNCT "<")
(LIT 3)
(ERROR "unknown char: '\'")
(NEWLINE)
(INDENT)
(KEYWORD and)
(ID "x")
(PUNCT ">")
(LIT 5)
(NEWLINE)
(DEDENT)
(ERROR "mis-indented program")
