(INDENT)
(KEYWORD return)
(ID "x")
(PUNCT "*")
(ID "fact")
(PUNCT "(")
(ID "x")
(PUNCT "-")
(LIT 1)
(PUNCT ")")
(DEDENT)
(ENDMARKER)
