(LIT "long string\" with quote char")
(NEWLINE)
(ENDMARKER)
