(ID "month_names")
(PUNCT "=")
(PUNCT "[")
(LIT "Januari")
(PUNCT ",")
(LIT "Februari")
(PUNCT ",")
(LIT "Maart")
(PUNCT ",")
(LIT "April")
(PUNCT ",")
(LIT "Mei")
(PUNCT ",")
(LIT "Juni")
(PUNCT ",")
(LIT "Juli")
(PUNCT ",")
(LIT "Augustus")
(PUNCT ",")
(LIT "September")
(PUNCT ",")
(LIT "Oktober")
(PUNCT ",")
(LIT "November")
(PUNCT ",")
(LIT "December")
(PUNCT "]")
(ENDMARKER)
