(ID "x")
(PUNCT "=")
(ERROR "unknown char: '\'")
(ERROR "unterminated string literal at EOF")
