(LIT "  this is a \r\ntriple quoted string\r\n")
(ENDMARKER)
