(ID "s")
(PUNCT "=")
(LIT "ab\nc\td")
(NEWLINE)
(ENDMARKER)
