(LIT "abc")
(ID "xxxx")
(LIT "efg")
(NEWLINE)
(LIT "\"")
(ENDMARKER)
